---
source: sentinelagent/tests/cli.rs
expression: stderr
---
Error: DatabaseError2(Storage(Io(Os { code: 2, kind: NotFound, message: "No such file or directory" })))
