---
source: sentinelagent/tests/cli.rs
expression: stdout
---
sentinelagent started successfully
