---
source: daemoneye-agent/tests/cli.rs
expression: stdout
---
daemoneye-agent 0.1.0
