---
source: daemoneye-agent/tests/cli.rs
expression: stdout
---
daemoneye-agent started successfully
