---
source: sentinelagent/tests/cli.rs
expression: stdout
---
sentinelagent 0.1.0
